------------------------------------------------------------
Timing Analyzer Summary
------------------------------------------------------------

Type  : Slow 1100mV 85C Model Setup 'CLOCK_50_B7A'
Slack : -1.688
TNS   : -50.203

Type  : Slow 1100mV 85C Model Setup 'KEY[1]'
Slack : -0.644
TNS   : -3.341

Type  : Slow 1100mV 85C Model Hold 'KEY[1]'
Slack : 0.222
TNS   : 0.000

Type  : Slow 1100mV 85C Model Hold 'CLOCK_50_B7A'
Slack : 0.368
TNS   : 0.000

Type  : Slow 1100mV 85C Model Minimum Pulse Width 'CLOCK_50_B7A'
Slack : -0.538
TNS   : -29.292

Type  : Slow 1100mV 85C Model Minimum Pulse Width 'KEY[1]'
Slack : -0.538
TNS   : -4.710

Type  : Slow 1100mV 0C Model Setup 'CLOCK_50_B7A'
Slack : -1.890
TNS   : -54.001

Type  : Slow 1100mV 0C Model Setup 'KEY[1]'
Slack : -0.631
TNS   : -3.179

Type  : Slow 1100mV 0C Model Hold 'KEY[1]'
Slack : 0.310
TNS   : 0.000

Type  : Slow 1100mV 0C Model Hold 'CLOCK_50_B7A'
Slack : 0.351
TNS   : 0.000

Type  : Slow 1100mV 0C Model Minimum Pulse Width 'CLOCK_50_B7A'
Slack : -0.538
TNS   : -30.548

Type  : Slow 1100mV 0C Model Minimum Pulse Width 'KEY[1]'
Slack : -0.538
TNS   : -4.698

Type  : Fast 1100mV 85C Model Setup 'CLOCK_50_B7A'
Slack : -0.281
TNS   : -3.699

Type  : Fast 1100mV 85C Model Setup 'KEY[1]'
Slack : 0.210
TNS   : 0.000

Type  : Fast 1100mV 85C Model Hold 'KEY[1]'
Slack : 0.146
TNS   : 0.000

Type  : Fast 1100mV 85C Model Hold 'CLOCK_50_B7A'
Slack : 0.179
TNS   : 0.000

Type  : Fast 1100mV 85C Model Minimum Pulse Width 'CLOCK_50_B7A'
Slack : -0.105
TNS   : -3.806

Type  : Fast 1100mV 85C Model Minimum Pulse Width 'KEY[1]'
Slack : 0.036
TNS   : 0.000

Type  : Fast 1100mV 0C Model Setup 'CLOCK_50_B7A'
Slack : -0.206
TNS   : -2.710

Type  : Fast 1100mV 0C Model Setup 'KEY[1]'
Slack : 0.285
TNS   : 0.000

Type  : Fast 1100mV 0C Model Hold 'KEY[1]'
Slack : 0.148
TNS   : 0.000

Type  : Fast 1100mV 0C Model Hold 'CLOCK_50_B7A'
Slack : 0.170
TNS   : 0.000

Type  : Fast 1100mV 0C Model Minimum Pulse Width 'CLOCK_50_B7A'
Slack : -0.101
TNS   : -3.731

Type  : Fast 1100mV 0C Model Minimum Pulse Width 'KEY[1]'
Slack : 0.038
TNS   : 0.000

------------------------------------------------------------
